******************************************************************************
                  TI ARM Linker PC v20.2.7                     
******************************************************************************
>> Linked Tue May 23 23:37:28 2023

OUTPUT FILE NAME:   <19_TivaWare_ADCyPWM.out>
ENTRY POINT SYMBOL: "_c_int00_noargs"  address: 00000c8d


MEMORY CONFIGURATION

         name            origin    length      used     unused   attr    fill
----------------------  --------  ---------  --------  --------  ----  --------
  FLASH                 00000000   00040000  00000ee2  0003f11e  R  X
  SRAM                  20000000   00008000  00000210  00007df0  RW X


SEGMENT ALLOCATION MAP

run origin  load origin   length   init length attrs members
----------  ----------- ---------- ----------- ----- -------
00000000    00000000    00000ee8   00000ee8    r-x
  00000000    00000000    0000026c   0000026c    r-- .intvecs
  0000026c    0000026c    00000bce   00000bce    r-x .text
  00000e3c    00000e3c    00000090   00000090    r-- .const
  00000ed0    00000ed0    00000018   00000018    r-- .cinit
20000000    20000000    00000210   00000000    rw-
  20000000    20000000    00000200   00000000    rw- .stack
  20000200    20000200    00000010   00000000    rw- .data


SECTION ALLOCATION MAP

 output                                  attributes/
section   page    origin      length       input sections
--------  ----  ----------  ----------   ----------------
.intvecs   0    00000000    0000026c     
                  00000000    0000026c     tm4c123gh6pm_startup_ccs.obj (.intvecs)

.text      0    0000026c    00000bce     
                  0000026c    000001b6     rtsv7M4_T_le_v4SPD16_eabi.lib : fd_add_t2.asm.obj (.text)
                  00000422    00000002     --HOLE-- [fill = 0]
                  00000424    00000194     main.obj (.text)
                  000005b8    0000016c     driverlib.lib : gpio.obj (.text:GPIOPadConfigSet)
                  00000724    00000136     rtsv7M4_T_le_v4SPD16_eabi.lib : fd_div_t2.asm.obj (.text)
                  0000085a    000000fc                                   : fd_mul_t2.asm.obj (.text)
                  00000956    0000009c                                   : memcpy_t2.asm.obj (.text)
                  000009f2    0000007a     driverlib.lib : adc.obj (.text:ADCSequenceStepConfigure)
                  00000a6c    0000006e     rtsv7M4_T_le_v4SPD16_eabi.lib : fd_tos_t2.asm.obj (.text)
                  00000ada    00000068                                   : copy_decompress_lzss.c.obj (.text:decompress:lzss:__TI_decompress_lzss)
                  00000b42    0000004e     driverlib.lib : adc.obj (.text:ADCSequenceConfigure)
                  00000b90    0000004c                   : gpio.obj (.text:GPIOPinConfigure)
                  00000bdc    00000044     rtsv7M4_T_le_v4SPD16_eabi.lib : autoinit.c.obj (.text:__TI_auto_init_nobinit_nopinit:__TI_auto_init_nobinit_nopinit)
                  00000c20    00000038                                   : fs_tod_t2.asm.obj (.text)
                  00000c58    00000034     driverlib.lib : sysctl.obj (.text:SysCtlPeripheralEnable)
                  00000c8c    00000034     rtsv7M4_T_le_v4SPD16_eabi.lib : boot_cortex_m.c.obj (.text:_c_int00_noargs:_c_int00_noargs)
                  00000cc0    0000002e     driverlib.lib : adc.obj (.text:ADCIntStatus)
                  00000cee    0000002c                   : gpio.obj (.text:GPIODirModeSet)
                  00000d1a    00000022                   : pwm.obj (.text:PWMGenConfigure)
                  00000d3c    00000020     rtsv7M4_T_le_v4SPD16_eabi.lib : u_tofd_t2.asm.obj (.text)
                  00000d5c    0000001e     driverlib.lib : adc.obj (.text:ADCSequenceDataGet)
                  00000d7a    0000001e                   : pwm.obj (.text:PWMPulseWidthSet)
                  00000d98    00000018                   : adc.obj (.text:ADCProcessorTrigger)
                  00000db0    00000016                   : gpio.obj (.text:GPIOPinTypeADC)
                  00000dc6    00000016                   : gpio.obj (.text:GPIOPinTypePWM)
                  00000ddc    00000012                   : pwm.obj (.text:PWMOutputState)
                  00000dee    00000010                   : pwm.obj (.text:PWMGenPeriodSet)
                  00000dfe    0000000e                   : adc.obj (.text:ADCSequenceEnable)
                  00000e0c    0000000e     rtsv7M4_T_le_v4SPD16_eabi.lib : copy_decompress_none.c.obj (.text:decompress:none:__TI_decompress_none)
                  00000e1a    0000000c     driverlib.lib : pwm.obj (.text:PWMGenEnable)
                  00000e26    0000000c     tm4c123gh6pm_startup_ccs.obj (.text)
                  00000e32    00000004     rtsv7M4_T_le_v4SPD16_eabi.lib : pre_init.c.obj (.text:_system_pre_init)
                  00000e36    00000004                                   : exit.c.obj (.text:abort:abort)

.const     0    00000e3c    00000090     
                  00000e3c    00000090     driverlib.lib : gpio.obj (.const:g_pui32GPIOBaseAddrs)

.cinit     0    00000ed0    00000018     
                  00000ed0    00000008     (__TI_handler_table)
                  00000ed8    00000007     (.cinit..data.load) [load image, compression = lzss]
                  00000edf    00000001     --HOLE-- [fill = 0]
                  00000ee0    00000008     (__TI_cinit_table)

.init_array 
*          0    00000000    00000000     UNINITIALIZED

.data      0    20000200    00000010     UNINITIALIZED
                  20000200    00000010     main.obj (.data)

.stack     0    20000000    00000200     UNINITIALIZED
                  20000000    00000004     rtsv7M4_T_le_v4SPD16_eabi.lib : boot_cortex_m.c.obj (.stack)
                  20000004    000001fc     --HOLE--

__llvm_prf_cnts 
*          0    20000000    00000000     UNINITIALIZED

MODULE SUMMARY

       Module                         code   ro data   rw data
       ------                         ----   -------   -------
    .\
       tm4c123gh6pm_startup_ccs.obj   12     620       0      
       main.obj                       404    0         16     
    +--+------------------------------+------+---------+---------+
       Total:                         416    620       16     
                                                              
    ../driverlib.lib
       gpio.obj                       528    144       0      
       adc.obj                        314    0         0      
       pwm.obj                        110    0         0      
       sysctl.obj                     52     0         0      
    +--+------------------------------+------+---------+---------+
       Total:                         1004   144       0      
                                                              
    D:\Programas\TI\CCS1220\ccs\tools\compiler\ti-cgt-arm_20.2.7.LTS\lib\rtsv7M4_T_le_v4SPD16_eabi.lib
       fd_add_t2.asm.obj              438    0         0      
       fd_div_t2.asm.obj              310    0         0      
       fd_mul_t2.asm.obj              252    0         0      
       memcpy_t2.asm.obj              156    0         0      
       fd_tos_t2.asm.obj              110    0         0      
       copy_decompress_lzss.c.obj     104    0         0      
       autoinit.c.obj                 68     0         0      
       fs_tod_t2.asm.obj              56     0         0      
       boot_cortex_m.c.obj            52     0         0      
       u_tofd_t2.asm.obj              32     0         0      
       copy_decompress_none.c.obj     14     0         0      
       exit.c.obj                     4      0         0      
       pre_init.c.obj                 4      0         0      
    +--+------------------------------+------+---------+---------+
       Total:                         1600   0         0      
                                                              
       Stack:                         0      0         512    
       Linker Generated:              0      23        0      
    +--+------------------------------+------+---------+---------+
       Grand Total:                   3020   787       528    


LINKER GENERATED COPY TABLES

__TI_cinit_table @ 00000ee0 records: 1, size/record: 8, table size: 8
	.data: load addr=00000ed8, load size=00000007 bytes, run addr=20000200, run size=00000010 bytes, compression=lzss


LINKER GENERATED HANDLER TABLE

__TI_handler_table @ 00000ed0 records: 2, size/record: 4, table size: 8
	index: 0, handler: __TI_decompress_lzss
	index: 1, handler: __TI_decompress_none


GLOBAL SYMBOLS: SORTED ALPHABETICALLY BY Name 

address   name                          
-------   ----                          
00000cc1  ADCIntStatus                  
00000d99  ADCProcessorTrigger           
00000b43  ADCSequenceConfigure          
00000d5d  ADCSequenceDataGet            
00000dff  ADCSequenceEnable             
000009f3  ADCSequenceStepConfigure      
00000e37  C$$EXIT                       
00000cef  GPIODirModeSet                
000005b9  GPIOPadConfigSet              
00000b91  GPIOPinConfigure              
00000db1  GPIOPinTypeADC                
00000dc7  GPIOPinTypePWM                
20000208  PWM                           
00000d1b  PWMGenConfigure               
00000e1b  PWMGenEnable                  
00000def  PWMGenPeriodSet               
00000ddd  PWMOutputState                
00000d7b  PWMPulseWidthSet              
00000e27  ResetISR                      
00000c59  SysCtlPeripheralEnable        
20000200  __STACK_END                   
00000200  __STACK_SIZE                  
20000200  __STACK_TOP                   
00000ee0  __TI_CINIT_Base               
00000ee8  __TI_CINIT_Limit              
00000ed0  __TI_Handler_Table_Base       
00000ed8  __TI_Handler_Table_Limit      
00000bdd  __TI_auto_init_nobinit_nopinit
00000adb  __TI_decompress_lzss          
00000e0d  __TI_decompress_none          
ffffffff  __TI_pprof_out_hndl           
ffffffff  __TI_prof_data_size           
ffffffff  __TI_prof_data_start          
00000000  __TI_static_base__            
00000a6d  __aeabi_d2f                   
00000277  __aeabi_dadd                  
00000725  __aeabi_ddiv                  
0000085b  __aeabi_dmul                  
0000026d  __aeabi_dsub                  
00000c21  __aeabi_f2d                   
00000957  __aeabi_memcpy                
00000957  __aeabi_memcpy4               
00000957  __aeabi_memcpy8               
00000d3d  __aeabi_ui2d                  
ffffffff  __binit__                     
ffffffff  __c_args__                    
UNDEFED   __mpu_init                    
20000000  __stack                       
20000000  __start___llvm_prf_cnts       
20000000  __stop___llvm_prf_cnts        
00000c8d  _c_int00_noargs               
UNDEFED   _system_post_cinit            
00000e33  _system_pre_init              
00000e37  abort                         
ffffffff  binit                         
20000204  duty                          
00000000  g_pfnVectors                  
2000020c  lineal                        
00000425  main                          
00000957  memcpy                        
20000200  muestras                      


GLOBAL SYMBOLS: SORTED BY Symbol Address 

address   name                          
-------   ----                          
00000000  __TI_static_base__            
00000000  g_pfnVectors                  
00000200  __STACK_SIZE                  
0000026d  __aeabi_dsub                  
00000277  __aeabi_dadd                  
00000425  main                          
000005b9  GPIOPadConfigSet              
00000725  __aeabi_ddiv                  
0000085b  __aeabi_dmul                  
00000957  __aeabi_memcpy                
00000957  __aeabi_memcpy4               
00000957  __aeabi_memcpy8               
00000957  memcpy                        
000009f3  ADCSequenceStepConfigure      
00000a6d  __aeabi_d2f                   
00000adb  __TI_decompress_lzss          
00000b43  ADCSequenceConfigure          
00000b91  GPIOPinConfigure              
00000bdd  __TI_auto_init_nobinit_nopinit
00000c21  __aeabi_f2d                   
00000c59  SysCtlPeripheralEnable        
00000c8d  _c_int00_noargs               
00000cc1  ADCIntStatus                  
00000cef  GPIODirModeSet                
00000d1b  PWMGenConfigure               
00000d3d  __aeabi_ui2d                  
00000d5d  ADCSequenceDataGet            
00000d7b  PWMPulseWidthSet              
00000d99  ADCProcessorTrigger           
00000db1  GPIOPinTypeADC                
00000dc7  GPIOPinTypePWM                
00000ddd  PWMOutputState                
00000def  PWMGenPeriodSet               
00000dff  ADCSequenceEnable             
00000e0d  __TI_decompress_none          
00000e1b  PWMGenEnable                  
00000e27  ResetISR                      
00000e33  _system_pre_init              
00000e37  C$$EXIT                       
00000e37  abort                         
00000ed0  __TI_Handler_Table_Base       
00000ed8  __TI_Handler_Table_Limit      
00000ee0  __TI_CINIT_Base               
00000ee8  __TI_CINIT_Limit              
20000000  __stack                       
20000000  __start___llvm_prf_cnts       
20000000  __stop___llvm_prf_cnts        
20000200  __STACK_END                   
20000200  __STACK_TOP                   
20000200  muestras                      
20000204  duty                          
20000208  PWM                           
2000020c  lineal                        
ffffffff  __TI_pprof_out_hndl           
ffffffff  __TI_prof_data_size           
ffffffff  __TI_prof_data_start          
ffffffff  __binit__                     
ffffffff  __c_args__                    
ffffffff  binit                         
UNDEFED   __mpu_init                    
UNDEFED   _system_post_cinit            

[61 symbols]
