******************************************************************************
                  TI ARM Linker PC v20.2.7                     
******************************************************************************
>> Linked Tue May 23 10:41:48 2023

OUTPUT FILE NAME:   <18_TivaWare_PWM_Mod.out>
ENTRY POINT SYMBOL: "_c_int00_noinit_noargs"  address: 00000531


MEMORY CONFIGURATION

         name            origin    length      used     unused   attr    fill
----------------------  --------  ---------  --------  --------  ----  --------
  FLASH                 00000000   00040000  00000684  0003f97c  R  X
  SRAM                  20000000   00008000  00000200  00007e00  RW X


SEGMENT ALLOCATION MAP

run origin  load origin   length   init length attrs members
----------  ----------- ---------- ----------- ----- -------
00000000    00000000    00000684   00000684    r-x
  00000000    00000000    0000026c   0000026c    r-- .intvecs
  0000026c    0000026c    00000388   00000388    r-x .text
  000005f4    000005f4    00000090   00000090    r-- .const
20000000    20000000    00000200   00000000    rw-
  20000000    20000000    00000200   00000000    rw- .stack


SECTION ALLOCATION MAP

 output                                  attributes/
section   page    origin      length       input sections
--------  ----  ----------  ----------   ----------------
.intvecs   0    00000000    0000026c     
                  00000000    0000026c     tm4c123gh6pm_startup_ccs.obj (.intvecs)

.text      0    0000026c    00000388     
                  0000026c    0000016c     driverlib.lib : gpio.obj (.text:GPIOPadConfigSet)
                  000003d8    000000ac     main.obj (.text)
                  00000484    0000004c     driverlib.lib : gpio.obj (.text:GPIOPinConfigure)
                  000004d0    00000034                   : sysctl.obj (.text:SysCtlPeripheralEnable)
                  00000504    0000002c                   : gpio.obj (.text:GPIODirModeSet)
                  00000530    0000002c     rtsv7M4_T_le_v4SPD16_eabi.lib : boot_cortex_m.c.obj (.text:_c_int00_noinit_noargs:_c_int00_noinit_noargs)
                  0000055c    00000022     driverlib.lib : pwm.obj (.text:PWMGenConfigure)
                  0000057e    0000001e                   : pwm.obj (.text:PWMPulseWidthSet)
                  0000059c    00000016                   : gpio.obj (.text:GPIOPinTypePWM)
                  000005b2    00000012                   : pwm.obj (.text:PWMOutputState)
                  000005c4    00000010                   : pwm.obj (.text:PWMGenPeriodSet)
                  000005d4    0000000c                   : pwm.obj (.text:PWMGenEnable)
                  000005e0    0000000c     tm4c123gh6pm_startup_ccs.obj (.text)
                  000005ec    00000004     rtsv7M4_T_le_v4SPD16_eabi.lib : pre_init.c.obj (.text:_system_pre_init)
                  000005f0    00000004                                   : exit.c.obj (.text:abort:abort)

.const     0    000005f4    00000090     
                  000005f4    00000090     driverlib.lib : gpio.obj (.const:g_pui32GPIOBaseAddrs)

.cinit     0    00000000    00000000     UNINITIALIZED

.init_array 
*          0    00000000    00000000     UNINITIALIZED

.stack     0    20000000    00000200     UNINITIALIZED
                  20000000    00000004     rtsv7M4_T_le_v4SPD16_eabi.lib : boot_cortex_m.c.obj (.stack)
                  20000004    000001fc     --HOLE--

__llvm_prf_cnts 
*          0    20000000    00000000     UNINITIALIZED

MODULE SUMMARY

       Module                         code   ro data   rw data
       ------                         ----   -------   -------
    .\
       tm4c123gh6pm_startup_ccs.obj   12     620       0      
       main.obj                       172    0         0      
    +--+------------------------------+------+---------+---------+
       Total:                         184    620       0      
                                                              
    ../driverlib.lib
       gpio.obj                       506    144       0      
       pwm.obj                        110    0         0      
       sysctl.obj                     52     0         0      
    +--+------------------------------+------+---------+---------+
       Total:                         668    144       0      
                                                              
    D:\Programas\TI\CCS1220\ccs\tools\compiler\ti-cgt-arm_20.2.7.LTS\lib\rtsv7M4_T_le_v4SPD16_eabi.lib
       boot_cortex_m.c.obj            44     0         0      
       exit.c.obj                     4      0         0      
       pre_init.c.obj                 4      0         0      
    +--+------------------------------+------+---------+---------+
       Total:                         52     0         0      
                                                              
       Stack:                         0      0         512    
    +--+------------------------------+------+---------+---------+
       Grand Total:                   904    764       512    


GLOBAL SYMBOLS: SORTED ALPHABETICALLY BY Name 

address   name                   
-------   ----                   
000005f1  C$$EXIT                
00000505  GPIODirModeSet         
0000026d  GPIOPadConfigSet       
00000485  GPIOPinConfigure       
0000059d  GPIOPinTypePWM         
0000055d  PWMGenConfigure        
000005d5  PWMGenEnable           
000005c5  PWMGenPeriodSet        
000005b3  PWMOutputState         
0000057f  PWMPulseWidthSet       
000005e1  ResetISR               
000004d1  SysCtlPeripheralEnable 
20000200  __STACK_END            
00000200  __STACK_SIZE           
20000200  __STACK_TOP            
ffffffff  __TI_pprof_out_hndl    
ffffffff  __TI_prof_data_size    
ffffffff  __TI_prof_data_start   
00000000  __TI_static_base__     
ffffffff  __binit__              
ffffffff  __c_args__             
UNDEFED   __mpu_init             
20000000  __stack                
20000000  __start___llvm_prf_cnts
20000000  __stop___llvm_prf_cnts 
00000531  _c_int00_noinit_noargs 
000005ed  _system_pre_init       
000005f1  abort                  
ffffffff  binit                  
00000000  g_pfnVectors           
000003d9  main                   


GLOBAL SYMBOLS: SORTED BY Symbol Address 

address   name                   
-------   ----                   
00000000  __TI_static_base__     
00000000  g_pfnVectors           
00000200  __STACK_SIZE           
0000026d  GPIOPadConfigSet       
000003d9  main                   
00000485  GPIOPinConfigure       
000004d1  SysCtlPeripheralEnable 
00000505  GPIODirModeSet         
00000531  _c_int00_noinit_noargs 
0000055d  PWMGenConfigure        
0000057f  PWMPulseWidthSet       
0000059d  GPIOPinTypePWM         
000005b3  PWMOutputState         
000005c5  PWMGenPeriodSet        
000005d5  PWMGenEnable           
000005e1  ResetISR               
000005ed  _system_pre_init       
000005f1  C$$EXIT                
000005f1  abort                  
20000000  __stack                
20000000  __start___llvm_prf_cnts
20000000  __stop___llvm_prf_cnts 
20000200  __STACK_END            
20000200  __STACK_TOP            
ffffffff  __TI_pprof_out_hndl    
ffffffff  __TI_prof_data_size    
ffffffff  __TI_prof_data_start   
ffffffff  __binit__              
ffffffff  __c_args__             
ffffffff  binit                  
UNDEFED   __mpu_init             

[31 symbols]
