******************************************************************************
                  TI ARM Linker PC v20.2.7                     
******************************************************************************
>> Linked Mon May 15 22:44:07 2023

OUTPUT FILE NAME:   <14_TivaWare_Timer.out>
ENTRY POINT SYMBOL: "_c_int00_noargs"  address: 0000073d


MEMORY CONFIGURATION

         name            origin    length      used     unused   attr    fill
----------------------  --------  ---------  --------  --------  ----  --------
  FLASH                 00000000   00040000  0000093e  0003f6c2  R  X
  SRAM                  20000000   00008000  00000470  00007b90  RW X


SEGMENT ALLOCATION MAP

run origin  load origin   length   init length attrs members
----------  ----------- ---------- ----------- ----- -------
00000000    00000000    00000940   00000940    r-x
  00000000    00000000    0000026c   0000026c    r-- .intvecs
  0000026c    0000026c    000005ee   000005ee    r-x .text
  0000085c    0000085c    000000b4   000000b4    r-- .const
  00000910    00000910    00000030   00000030    r-- .cinit
20000000    20000000    00000470   00000000    rw-
  20000000    20000000    0000026c   00000000    rw- .vtable
  2000026c    2000026c    00000004   00000000    rw- .data
  20000270    20000270    00000200   00000000    rw- .stack


SECTION ALLOCATION MAP

 output                                  attributes/
section   page    origin      length       input sections
--------  ----  ----------  ----------   ----------------
.intvecs   0    00000000    0000026c     
                  00000000    0000026c     tm4c123gh6pm_startup_ccs.obj (.intvecs)

.text      0    0000026c    000005ee     
                  0000026c    0000016c     driverlib.lib : gpio.obj (.text:GPIOPadConfigSet)
                  000003d8    000000a0     main.obj (.text)
                  00000478    0000009c     rtsv7M4_T_le_v4SPD16_eabi.lib : memcpy_t2.asm.obj (.text)
                  00000514    00000068     driverlib.lib : interrupt.obj (.text:IntEnable)
                  0000057c    00000068     rtsv7M4_T_le_v4SPD16_eabi.lib : copy_decompress_lzss.c.obj (.text:decompress:lzss:__TI_decompress_lzss)
                  000005e4    00000060     driverlib.lib : timer.obj (.text:TimerConfigure)
                  00000644    0000004c                   : timer.obj (.text:_TimerIntNumberGet)
                  00000690    00000044     rtsv7M4_T_le_v4SPD16_eabi.lib : autoinit.c.obj (.text:__TI_auto_init_nobinit_nopinit:__TI_auto_init_nobinit_nopinit)
                  000006d4    00000034     driverlib.lib : interrupt.obj (.text:IntRegister)
                  00000708    00000034                   : sysctl.obj (.text:SysCtlPeripheralEnable)
                  0000073c    00000034     rtsv7M4_T_le_v4SPD16_eabi.lib : boot_cortex_m.c.obj (.text:_c_int00_noargs:_c_int00_noargs)
                  00000770    0000002c     driverlib.lib : gpio.obj (.text:GPIODirModeSet)
                  0000079c    0000001c     rtsv7M4_T_le_v4SPD16_eabi.lib : copy_zero_init.c.obj (.text:decompress:ZI:__TI_zero_init_nomemset:__TI_zero_init_nomemset)
                  000007b8    0000001a     driverlib.lib : gpio.obj (.text:GPIOPinTypeGPIOOutput)
                  000007d2    00000018                   : timer.obj (.text:TimerIntRegister)
                  000007ea    00000012                   : timer.obj (.text:TimerLoadSet)
                  000007fc    00000010                   : interrupt.obj (.text:IntMasterEnable)
                  0000080c    0000000e                   : timer.obj (.text:TimerEnable)
                  0000081a    0000000e     rtsv7M4_T_le_v4SPD16_eabi.lib : copy_decompress_none.c.obj (.text:decompress:none:__TI_decompress_none)
                  00000828    0000000c     driverlib.lib : cpu.obj (.text:CPUcpsie)
                  00000834    0000000c     tm4c123gh6pm_startup_ccs.obj (.text)
                  00000840    00000008     driverlib.lib : timer.obj (.text:TimerIntEnable)
                  00000848    00000006                   : gpio.obj (.text:GPIOPinWrite)
                  0000084e    00000004                   : timer.obj (.text:TimerIntClear)
                  00000852    00000004     rtsv7M4_T_le_v4SPD16_eabi.lib : pre_init.c.obj (.text:_system_pre_init)
                  00000856    00000004                                   : exit.c.obj (.text:abort:abort)

.const     0    0000085c    000000b4     
                  0000085c    00000060     driverlib.lib : timer.obj (.const:g_ppui32TimerIntMap)
                  000008bc    00000040                   : timer.obj (.const:g_ppui32TimerIntMapSnowflake)
                  000008fc    00000014                   : interrupt.obj (.const:g_pui32EnRegs)

.cinit     0    00000910    00000030     
                  00000910    0000000c     (__TI_handler_table)
                  0000091c    00000004     --HOLE-- [fill = 0]
                  00000920    00000008     (.cinit..vtable.load) [load image, compression = zero_init]
                  00000928    00000007     (.cinit..data.load) [load image, compression = lzss]
                  0000092f    00000001     --HOLE-- [fill = 0]
                  00000930    00000010     (__TI_cinit_table)

.init_array 
*          0    00000000    00000000     UNINITIALIZED

.vtable    0    20000000    0000026c     UNINITIALIZED
                  20000000    0000026c     driverlib.lib : interrupt.obj (.vtable)

.data      0    2000026c    00000004     UNINITIALIZED
                  2000026c    00000004     main.obj (.data)

.stack     0    20000270    00000200     UNINITIALIZED
                  20000270    00000004     rtsv7M4_T_le_v4SPD16_eabi.lib : boot_cortex_m.c.obj (.stack)
                  20000274    000001fc     --HOLE--

__llvm_prf_cnts 
*          0    20000000    00000000     UNINITIALIZED

MODULE SUMMARY

       Module                         code   ro data   rw data
       ------                         ----   -------   -------
    .\
       tm4c123gh6pm_startup_ccs.obj   12     620       0      
       main.obj                       160    0         4      
    +--+------------------------------+------+---------+---------+
       Total:                         172    620       4      
                                                              
    ../driverlib.lib
       interrupt.obj                  172    20        620    
       gpio.obj                       440    0         0      
       timer.obj                      240    160       0      
       sysctl.obj                     52     0         0      
       cpu.obj                        12     0         0      
    +--+------------------------------+------+---------+---------+
       Total:                         916    180       620    
                                                              
    D:\Programas\TI\CCS1220\ccs\tools\compiler\ti-cgt-arm_20.2.7.LTS\lib\rtsv7M4_T_le_v4SPD16_eabi.lib
       memcpy_t2.asm.obj              156    0         0      
       copy_decompress_lzss.c.obj     104    0         0      
       autoinit.c.obj                 68     0         0      
       boot_cortex_m.c.obj            52     0         0      
       copy_zero_init.c.obj           28     0         0      
       copy_decompress_none.c.obj     14     0         0      
       exit.c.obj                     4      0         0      
       pre_init.c.obj                 4      0         0      
    +--+------------------------------+------+---------+---------+
       Total:                         430    0         0      
                                                              
       Stack:                         0      0         512    
       Linker Generated:              0      43        0      
    +--+------------------------------+------+---------+---------+
       Grand Total:                   1518   843       1136   


LINKER GENERATED COPY TABLES

__TI_cinit_table @ 00000930 records: 2, size/record: 8, table size: 16
	.vtable: load addr=00000920, load size=00000008 bytes, run addr=20000000, run size=0000026c bytes, compression=zero_init
	.data: load addr=00000928, load size=00000007 bytes, run addr=2000026c, run size=00000004 bytes, compression=lzss


LINKER GENERATED HANDLER TABLE

__TI_handler_table @ 00000910 records: 3, size/record: 4, table size: 12
	index: 0, handler: __TI_zero_init
	index: 1, handler: __TI_decompress_lzss
	index: 2, handler: __TI_decompress_none


GLOBAL SYMBOLS: SORTED ALPHABETICALLY BY Name 

address   name                          
-------   ----                          
00000857  C$$EXIT                       
00000829  CPUcpsie                      
00000771  GPIODirModeSet                
0000026d  GPIOPadConfigSet              
000007b9  GPIOPinTypeGPIOOutput         
00000849  GPIOPinWrite                  
00000515  IntEnable                     
000007fd  IntMasterEnable               
000006d5  IntRegister                   
00000835  ResetISR                      
00000709  SysCtlPeripheralEnable        
000005e5  TimerConfigure                
0000080d  TimerEnable                   
0000084f  TimerIntClear                 
00000841  TimerIntEnable                
000007d3  TimerIntRegister              
000007eb  TimerLoadSet                  
20000470  __STACK_END                   
00000200  __STACK_SIZE                  
20000470  __STACK_TOP                   
00000930  __TI_CINIT_Base               
00000940  __TI_CINIT_Limit              
00000910  __TI_Handler_Table_Base       
0000091c  __TI_Handler_Table_Limit      
00000691  __TI_auto_init_nobinit_nopinit
0000057d  __TI_decompress_lzss          
0000081b  __TI_decompress_none          
ffffffff  __TI_pprof_out_hndl           
ffffffff  __TI_prof_data_size           
ffffffff  __TI_prof_data_start          
00000000  __TI_static_base__            
0000079d  __TI_zero_init_nomemset       
00000479  __aeabi_memcpy                
00000479  __aeabi_memcpy4               
00000479  __aeabi_memcpy8               
ffffffff  __binit__                     
ffffffff  __c_args__                    
UNDEFED   __mpu_init                    
20000270  __stack                       
20000000  __start___llvm_prf_cnts       
20000000  __stop___llvm_prf_cnts        
0000073d  _c_int00_noargs               
UNDEFED   _system_post_cinit            
00000853  _system_pre_init              
00000857  abort                         
ffffffff  binit                         
20000000  g_pfnRAMVectors               
00000000  g_pfnVectors                  
2000026c  i                             
000003d9  main                          
00000479  memcpy                        
00000427  timerOut                      


GLOBAL SYMBOLS: SORTED BY Symbol Address 

address   name                          
-------   ----                          
00000000  __TI_static_base__            
00000000  g_pfnVectors                  
00000200  __STACK_SIZE                  
0000026d  GPIOPadConfigSet              
000003d9  main                          
00000427  timerOut                      
00000479  __aeabi_memcpy                
00000479  __aeabi_memcpy4               
00000479  __aeabi_memcpy8               
00000479  memcpy                        
00000515  IntEnable                     
0000057d  __TI_decompress_lzss          
000005e5  TimerConfigure                
00000691  __TI_auto_init_nobinit_nopinit
000006d5  IntRegister                   
00000709  SysCtlPeripheralEnable        
0000073d  _c_int00_noargs               
00000771  GPIODirModeSet                
0000079d  __TI_zero_init_nomemset       
000007b9  GPIOPinTypeGPIOOutput         
000007d3  TimerIntRegister              
000007eb  TimerLoadSet                  
000007fd  IntMasterEnable               
0000080d  TimerEnable                   
0000081b  __TI_decompress_none          
00000829  CPUcpsie                      
00000835  ResetISR                      
00000841  TimerIntEnable                
00000849  GPIOPinWrite                  
0000084f  TimerIntClear                 
00000853  _system_pre_init              
00000857  C$$EXIT                       
00000857  abort                         
00000910  __TI_Handler_Table_Base       
0000091c  __TI_Handler_Table_Limit      
00000930  __TI_CINIT_Base               
00000940  __TI_CINIT_Limit              
20000000  __start___llvm_prf_cnts       
20000000  __stop___llvm_prf_cnts        
20000000  g_pfnRAMVectors               
2000026c  i                             
20000270  __stack                       
20000470  __STACK_END                   
20000470  __STACK_TOP                   
ffffffff  __TI_pprof_out_hndl           
ffffffff  __TI_prof_data_size           
ffffffff  __TI_prof_data_start          
ffffffff  __binit__                     
ffffffff  __c_args__                    
ffffffff  binit                         
UNDEFED   __mpu_init                    
UNDEFED   _system_post_cinit            

[52 symbols]
