******************************************************************************
                  TI ARM Linker PC v20.2.7                     
******************************************************************************
>> Linked Thu May  4 11:54:39 2023

OUTPUT FILE NAME:   <21_TivaWare_UARTEcho.out>
ENTRY POINT SYMBOL: "_c_int00_noargs"  address: 0000074d


MEMORY CONFIGURATION

         name            origin    length      used     unused   attr    fill
----------------------  --------  ---------  --------  --------  ----  --------
  FLASH                 00000000   00040000  00000912  0003f6ee  R  X
  SRAM                  20000000   00008000  00000206  00007dfa  RW X


SEGMENT ALLOCATION MAP

run origin  load origin   length   init length attrs members
----------  ----------- ---------- ----------- ----- -------
00000000    00000000    00000914   00000914    r-x
  00000000    00000000    0000026c   0000026c    r-- .intvecs
  0000026c    0000026c    000005fa   000005fa    r-x .text
  00000868    00000868    00000090   00000090    r-- .const
  000008f8    000008f8    0000001c   0000001c    r-- .cinit
20000000    20000000    00000206   00000000    rw-
  20000000    20000000    00000200   00000000    rw- .stack
  20000200    20000200    00000006   00000000    rw- .data


SECTION ALLOCATION MAP

 output                                  attributes/
section   page    origin      length       input sections
--------  ----  ----------  ----------   ----------------
.intvecs   0    00000000    0000026c     
                  00000000    0000026c     tm4c123gh6pm_startup_ccs.obj (.intvecs)

.text      0    0000026c    000005fa     
                  0000026c    0000016c     driverlib.lib : gpio.obj (.text:GPIOPadConfigSet)
                  000003d8    00000164     main.obj (.text)
                  0000053c    0000009c     rtsv7M4_T_le_v4SPD16_eabi.lib : memcpy_t2.asm.obj (.text)
                  000005d8    00000068                                   : copy_decompress_lzss.c.obj (.text:decompress:lzss:__TI_decompress_lzss)
                  00000640    0000004c     driverlib.lib : gpio.obj (.text:GPIOPinConfigure)
                  0000068c    00000046                   : uart.obj (.text:UARTConfigSetExpClk)
                  000006d2    00000002     --HOLE-- [fill = 0]
                  000006d4    00000044     rtsv7M4_T_le_v4SPD16_eabi.lib : autoinit.c.obj (.text:__TI_auto_init_nobinit_nopinit:__TI_auto_init_nobinit_nopinit)
                  00000718    00000034     driverlib.lib : sysctl.obj (.text:SysCtlPeripheralEnable)
                  0000074c    00000034     rtsv7M4_T_le_v4SPD16_eabi.lib : boot_cortex_m.c.obj (.text:_c_int00_noargs:_c_int00_noargs)
                  00000780    0000002c     driverlib.lib : gpio.obj (.text:GPIODirModeSet)
                  000007ac    00000020                   : uart.obj (.text:UARTDisable)
                  000007cc    0000001a                   : gpio.obj (.text:GPIOPinTypeGPIOOutput)
                  000007e6    00000016                   : gpio.obj (.text:GPIOPinTypeUART)
                  000007fc    00000014                   : uart.obj (.text:UARTEnable)
                  00000810    00000014     rtsv7M4_T_le_v4SPD16_eabi.lib : strlen.c.obj (.text:strlen)
                  00000824    0000000e                                   : copy_decompress_none.c.obj (.text:decompress:none:__TI_decompress_none)
                  00000832    0000000c     tm4c123gh6pm_startup_ccs.obj (.text)
                  0000083e    0000000a     driverlib.lib : uart.obj (.text:UARTCharGet)
                  00000848    0000000a                   : uart.obj (.text:UARTCharPut)
                  00000852    00000006                   : gpio.obj (.text:GPIOPinWrite)
                  00000858    00000006                   : sysctl.obj (.text:SysCtlDelay)
                  0000085e    00000004     rtsv7M4_T_le_v4SPD16_eabi.lib : pre_init.c.obj (.text:_system_pre_init)
                  00000862    00000004                                   : exit.c.obj (.text:abort:abort)

.const     0    00000868    00000090     
                  00000868    00000090     driverlib.lib : gpio.obj (.const:g_pui32GPIOBaseAddrs)

.cinit     0    000008f8    0000001c     
                  000008f8    00000009     (.cinit..data.load) [load image, compression = lzss]
                  00000901    00000003     --HOLE-- [fill = 0]
                  00000904    00000008     (__TI_handler_table)
                  0000090c    00000008     (__TI_cinit_table)

.init_array 
*          0    00000000    00000000     UNINITIALIZED

.data      0    20000200    00000006     UNINITIALIZED
                  20000200    00000006     main.obj (.data)

.stack     0    20000000    00000200     UNINITIALIZED
                  20000000    00000004     rtsv7M4_T_le_v4SPD16_eabi.lib : boot_cortex_m.c.obj (.stack)
                  20000004    000001fc     --HOLE--

__llvm_prf_cnts 
*          0    20000000    00000000     UNINITIALIZED

MODULE SUMMARY

       Module                         code   ro data   rw data
       ------                         ----   -------   -------
    .\
       tm4c123gh6pm_startup_ccs.obj   12     620       0      
       main.obj                       356    0         6      
    +--+------------------------------+------+---------+---------+
       Total:                         368    620       6      
                                                              
    ../driverlib.lib
       gpio.obj                       538    144       0      
       uart.obj                       142    0         0      
       sysctl.obj                     58     0         0      
    +--+------------------------------+------+---------+---------+
       Total:                         738    144       0      
                                                              
    D:\Programas\TI\CCS1220\ccs\tools\compiler\ti-cgt-arm_20.2.7.LTS\lib\rtsv7M4_T_le_v4SPD16_eabi.lib
       memcpy_t2.asm.obj              156    0         0      
       copy_decompress_lzss.c.obj     104    0         0      
       autoinit.c.obj                 68     0         0      
       boot_cortex_m.c.obj            52     0         0      
       strlen.c.obj                   20     0         0      
       copy_decompress_none.c.obj     14     0         0      
       exit.c.obj                     4      0         0      
       pre_init.c.obj                 4      0         0      
    +--+------------------------------+------+---------+---------+
       Total:                         422    0         0      
                                                              
       Stack:                         0      0         512    
       Linker Generated:              0      25        0      
    +--+------------------------------+------+---------+---------+
       Grand Total:                   1528   789       518    


LINKER GENERATED COPY TABLES

__TI_cinit_table @ 0000090c records: 1, size/record: 8, table size: 8
	.data: load addr=000008f8, load size=00000009 bytes, run addr=20000200, run size=00000006 bytes, compression=lzss


LINKER GENERATED HANDLER TABLE

__TI_handler_table @ 00000904 records: 2, size/record: 4, table size: 8
	index: 0, handler: __TI_decompress_lzss
	index: 1, handler: __TI_decompress_none


GLOBAL SYMBOLS: SORTED ALPHABETICALLY BY Name 

address   name                          
-------   ----                          
00000863  C$$EXIT                       
00000781  GPIODirModeSet                
0000026d  GPIOPadConfigSet              
00000641  GPIOPinConfigure              
000007cd  GPIOPinTypeGPIOOutput         
000007e7  GPIOPinTypeUART               
00000853  GPIOPinWrite                  
00000833  ResetISR                      
00000859  SysCtlDelay                   
00000719  SysCtlPeripheralEnable        
0000083f  UARTCharGet                   
00000849  UARTCharPut                   
0000068d  UARTConfigSetExpClk           
000007ad  UARTDisable                   
000007fd  UARTEnable                    
20000200  __STACK_END                   
00000200  __STACK_SIZE                  
20000200  __STACK_TOP                   
0000090c  __TI_CINIT_Base               
00000914  __TI_CINIT_Limit              
00000904  __TI_Handler_Table_Base       
0000090c  __TI_Handler_Table_Limit      
000006d5  __TI_auto_init_nobinit_nopinit
000005d9  __TI_decompress_lzss          
00000825  __TI_decompress_none          
ffffffff  __TI_pprof_out_hndl           
ffffffff  __TI_prof_data_size           
ffffffff  __TI_prof_data_start          
00000000  __TI_static_base__            
0000053d  __aeabi_memcpy                
0000053d  __aeabi_memcpy4               
0000053d  __aeabi_memcpy8               
ffffffff  __binit__                     
ffffffff  __c_args__                    
UNDEFED   __mpu_init                    
20000000  __stack                       
20000000  __start___llvm_prf_cnts       
20000000  __stop___llvm_prf_cnts        
0000074d  _c_int00_noargs               
UNDEFED   _system_post_cinit            
0000085f  _system_pre_init              
00000863  abort                         
ffffffff  binit                         
0000045f  enviar                        
00000000  g_pfnVectors                  
20000200  i                             
000003d9  main                          
0000053d  memcpy                        
00000491  parpadeo                      
20000204  s                             
20000205  s_ant                         
00000811  strlen                        


GLOBAL SYMBOLS: SORTED BY Symbol Address 

address   name                          
-------   ----                          
00000000  __TI_static_base__            
00000000  g_pfnVectors                  
00000200  __STACK_SIZE                  
0000026d  GPIOPadConfigSet              
000003d9  main                          
0000045f  enviar                        
00000491  parpadeo                      
0000053d  __aeabi_memcpy                
0000053d  __aeabi_memcpy4               
0000053d  __aeabi_memcpy8               
0000053d  memcpy                        
000005d9  __TI_decompress_lzss          
00000641  GPIOPinConfigure              
0000068d  UARTConfigSetExpClk           
000006d5  __TI_auto_init_nobinit_nopinit
00000719  SysCtlPeripheralEnable        
0000074d  _c_int00_noargs               
00000781  GPIODirModeSet                
000007ad  UARTDisable                   
000007cd  GPIOPinTypeGPIOOutput         
000007e7  GPIOPinTypeUART               
000007fd  UARTEnable                    
00000811  strlen                        
00000825  __TI_decompress_none          
00000833  ResetISR                      
0000083f  UARTCharGet                   
00000849  UARTCharPut                   
00000853  GPIOPinWrite                  
00000859  SysCtlDelay                   
0000085f  _system_pre_init              
00000863  C$$EXIT                       
00000863  abort                         
00000904  __TI_Handler_Table_Base       
0000090c  __TI_CINIT_Base               
0000090c  __TI_Handler_Table_Limit      
00000914  __TI_CINIT_Limit              
20000000  __stack                       
20000000  __start___llvm_prf_cnts       
20000000  __stop___llvm_prf_cnts        
20000200  __STACK_END                   
20000200  __STACK_TOP                   
20000200  i                             
20000204  s                             
20000205  s_ant                         
ffffffff  __TI_pprof_out_hndl           
ffffffff  __TI_prof_data_size           
ffffffff  __TI_prof_data_start          
ffffffff  __binit__                     
ffffffff  __c_args__                    
ffffffff  binit                         
UNDEFED   __mpu_init                    
UNDEFED   _system_post_cinit            

[52 symbols]
