******************************************************************************
                  TI ARM Linker PC v20.2.7                     
******************************************************************************
>> Linked Mon May 15 22:36:47 2023

OUTPUT FILE NAME:   <22_TivaWare_UART_Menu.out>
ENTRY POINT SYMBOL: "_c_int00_noargs"  address: 000009a5


MEMORY CONFIGURATION

         name            origin    length      used     unused   attr    fill
----------------------  --------  ---------  --------  --------  ----  --------
  FLASH                 00000000   00040000  00000c78  0003f388  R  X
  SRAM                  20000000   00008000  00000206  00007dfa  RW X


SEGMENT ALLOCATION MAP

run origin  load origin   length   init length attrs members
----------  ----------- ---------- ----------- ----- -------
00000000    00000000    00000c7c   00000c7c    r-x
  00000000    00000000    0000026c   0000026c    r-- .intvecs
  0000026c    0000026c    000008c4   000008c4    r-x .text
  00000b30    00000b30    0000012c   0000012c    r-- .const
  00000c60    00000c60    0000001c   0000001c    r-- .cinit
20000000    20000000    00000206   00000000    rw-
  20000000    20000000    00000200   00000000    rw- .stack
  20000200    20000200    00000006   00000000    rw- .data


SECTION ALLOCATION MAP

 output                                  attributes/
section   page    origin      length       input sections
--------  ----  ----------  ----------   ----------------
.intvecs   0    00000000    0000026c     
                  00000000    0000026c     tm4c123gh6pm_startup_ccs.obj (.intvecs)

.text      0    0000026c    000008c4     
                  0000026c    000003bc     main.obj (.text)
                  00000628    0000016c     driverlib.lib : gpio.obj (.text:GPIOPadConfigSet)
                  00000794    0000009c     rtsv7M4_T_le_v4SPD16_eabi.lib : memcpy_t2.asm.obj (.text)
                  00000830    00000068                                   : copy_decompress_lzss.c.obj (.text:decompress:lzss:__TI_decompress_lzss)
                  00000898    0000004c     driverlib.lib : gpio.obj (.text:GPIOPinConfigure)
                  000008e4    00000046                   : uart.obj (.text:UARTConfigSetExpClk)
                  0000092a    00000002     --HOLE-- [fill = 0]
                  0000092c    00000044     rtsv7M4_T_le_v4SPD16_eabi.lib : autoinit.c.obj (.text:__TI_auto_init_nobinit_nopinit:__TI_auto_init_nobinit_nopinit)
                  00000970    00000034     driverlib.lib : sysctl.obj (.text:SysCtlPeripheralEnable)
                  000009a4    00000034     rtsv7M4_T_le_v4SPD16_eabi.lib : boot_cortex_m.c.obj (.text:_c_int00_noargs:_c_int00_noargs)
                  000009d8    0000002c     driverlib.lib : gpio.obj (.text:GPIODirModeSet)
                  00000a04    00000022                   : pwm.obj (.text:PWMGenConfigure)
                  00000a26    00000002     --HOLE-- [fill = 0]
                  00000a28    00000020                   : uart.obj (.text:UARTDisable)
                  00000a48    0000001e                   : pwm.obj (.text:PWMPulseWidthSet)
                  00000a66    00000016                   : gpio.obj (.text:GPIOPinTypePWM)
                  00000a7c    00000016                   : gpio.obj (.text:GPIOPinTypeUART)
                  00000a92    00000014                   : uart.obj (.text:UARTEnable)
                  00000aa6    00000014     rtsv7M4_T_le_v4SPD16_eabi.lib : strlen.c.obj (.text:strlen)
                  00000aba    00000012     driverlib.lib : pwm.obj (.text:PWMOutputState)
                  00000acc    00000010                   : pwm.obj (.text:PWMGenPeriodSet)
                  00000adc    0000000e     rtsv7M4_T_le_v4SPD16_eabi.lib : copy_decompress_none.c.obj (.text:decompress:none:__TI_decompress_none)
                  00000aea    0000000c     driverlib.lib : pwm.obj (.text:PWMGenDisable)
                  00000af6    0000000c                   : pwm.obj (.text:PWMGenEnable)
                  00000b02    0000000c     tm4c123gh6pm_startup_ccs.obj (.text)
                  00000b0e    0000000a     driverlib.lib : uart.obj (.text:UARTCharGet)
                  00000b18    0000000a                   : uart.obj (.text:UARTCharPut)
                  00000b22    00000006                   : sysctl.obj (.text:SysCtlDelay)
                  00000b28    00000004     rtsv7M4_T_le_v4SPD16_eabi.lib : pre_init.c.obj (.text:_system_pre_init)
                  00000b2c    00000004                                   : exit.c.obj (.text:abort:abort)

.const     0    00000b30    0000012c     
                  00000b30    0000009a     main.obj (.const:.string:menu)
                  00000bca    00000002     --HOLE-- [fill = 0]
                  00000bcc    00000090     driverlib.lib : gpio.obj (.const:g_pui32GPIOBaseAddrs)

.cinit     0    00000c60    0000001c     
                  00000c60    00000009     (.cinit..data.load) [load image, compression = lzss]
                  00000c69    00000003     --HOLE-- [fill = 0]
                  00000c6c    00000008     (__TI_handler_table)
                  00000c74    00000008     (__TI_cinit_table)

.init_array 
*          0    00000000    00000000     UNINITIALIZED

.data      0    20000200    00000006     UNINITIALIZED
                  20000200    00000006     main.obj (.data)

.stack     0    20000000    00000200     UNINITIALIZED
                  20000000    00000004     rtsv7M4_T_le_v4SPD16_eabi.lib : boot_cortex_m.c.obj (.stack)
                  20000004    000001fc     --HOLE--

__llvm_prf_cnts 
*          0    20000000    00000000     UNINITIALIZED

MODULE SUMMARY

       Module                         code   ro data   rw data
       ------                         ----   -------   -------
    .\
       main.obj                       956    154       6      
       tm4c123gh6pm_startup_ccs.obj   12     620       0      
    +--+------------------------------+------+---------+---------+
       Total:                         968    774       6      
                                                              
    ../driverlib.lib
       gpio.obj                       528    144       0      
       uart.obj                       142    0         0      
       pwm.obj                        122    0         0      
       sysctl.obj                     58     0         0      
    +--+------------------------------+------+---------+---------+
       Total:                         850    144       0      
                                                              
    D:\Programas\TI\CCS1220\ccs\tools\compiler\ti-cgt-arm_20.2.7.LTS\lib\rtsv7M4_T_le_v4SPD16_eabi.lib
       memcpy_t2.asm.obj              156    0         0      
       copy_decompress_lzss.c.obj     104    0         0      
       autoinit.c.obj                 68     0         0      
       boot_cortex_m.c.obj            52     0         0      
       strlen.c.obj                   20     0         0      
       copy_decompress_none.c.obj     14     0         0      
       exit.c.obj                     4      0         0      
       pre_init.c.obj                 4      0         0      
    +--+------------------------------+------+---------+---------+
       Total:                         422    0         0      
                                                              
       Stack:                         0      0         512    
       Linker Generated:              0      25        0      
    +--+------------------------------+------+---------+---------+
       Grand Total:                   2240   943       518    


LINKER GENERATED COPY TABLES

__TI_cinit_table @ 00000c74 records: 1, size/record: 8, table size: 8
	.data: load addr=00000c60, load size=00000009 bytes, run addr=20000200, run size=00000006 bytes, compression=lzss


LINKER GENERATED HANDLER TABLE

__TI_handler_table @ 00000c6c records: 2, size/record: 4, table size: 8
	index: 0, handler: __TI_decompress_lzss
	index: 1, handler: __TI_decompress_none


GLOBAL SYMBOLS: SORTED ALPHABETICALLY BY Name 

address   name                          
-------   ----                          
00000b2d  C$$EXIT                       
000009d9  GPIODirModeSet                
00000629  GPIOPadConfigSet              
00000899  GPIOPinConfigure              
00000a67  GPIOPinTypePWM                
00000a7d  GPIOPinTypeUART               
000003c9  LED                           
0000046d  PWM                           
00000a05  PWMGenConfigure               
00000aeb  PWMGenDisable                 
00000af7  PWMGenEnable                  
00000acd  PWMGenPeriodSet               
00000abb  PWMOutputState                
00000a49  PWMPulseWidthSet              
00000b03  ResetISR                      
000004f5  SetPWM                        
00000b23  SysCtlDelay                   
00000971  SysCtlPeripheralEnable        
00000b0f  UARTCharGet                   
00000b19  UARTCharPut                   
000008e5  UARTConfigSetExpClk           
00000a29  UARTDisable                   
00000a93  UARTEnable                    
20000200  __STACK_END                   
00000200  __STACK_SIZE                  
20000200  __STACK_TOP                   
00000c74  __TI_CINIT_Base               
00000c7c  __TI_CINIT_Limit              
00000c6c  __TI_Handler_Table_Base       
00000c74  __TI_Handler_Table_Limit      
0000092d  __TI_auto_init_nobinit_nopinit
00000831  __TI_decompress_lzss          
00000add  __TI_decompress_none          
ffffffff  __TI_pprof_out_hndl           
ffffffff  __TI_prof_data_size           
ffffffff  __TI_prof_data_start          
00000000  __TI_static_base__            
00000795  __aeabi_memcpy                
00000795  __aeabi_memcpy4               
00000795  __aeabi_memcpy8               
ffffffff  __binit__                     
ffffffff  __c_args__                    
UNDEFED   __mpu_init                    
20000000  __stack                       
20000000  __start___llvm_prf_cnts       
20000000  __stop___llvm_prf_cnts        
000009a5  _c_int00_noargs               
UNDEFED   _system_post_cinit            
00000b29  _system_pre_init              
00000b2d  abort                         
ffffffff  binit                         
000002d3  enviar                        
00000000  g_pfnVectors                  
20000200  i                             
00000341  initPWM                       
0000030b  initUART                      
00000391  limpiar                       
0000026d  main                          
00000795  memcpy                        
00000b30  menu                          
20000205  opc                           
20000204  s                             
00000aa7  strlen                        


GLOBAL SYMBOLS: SORTED BY Symbol Address 

address   name                          
-------   ----                          
00000000  __TI_static_base__            
00000000  g_pfnVectors                  
00000200  __STACK_SIZE                  
0000026d  main                          
000002d3  enviar                        
0000030b  initUART                      
00000341  initPWM                       
00000391  limpiar                       
000003c9  LED                           
0000046d  PWM                           
000004f5  SetPWM                        
00000629  GPIOPadConfigSet              
00000795  __aeabi_memcpy                
00000795  __aeabi_memcpy4               
00000795  __aeabi_memcpy8               
00000795  memcpy                        
00000831  __TI_decompress_lzss          
00000899  GPIOPinConfigure              
000008e5  UARTConfigSetExpClk           
0000092d  __TI_auto_init_nobinit_nopinit
00000971  SysCtlPeripheralEnable        
000009a5  _c_int00_noargs               
000009d9  GPIODirModeSet                
00000a05  PWMGenConfigure               
00000a29  UARTDisable                   
00000a49  PWMPulseWidthSet              
00000a67  GPIOPinTypePWM                
00000a7d  GPIOPinTypeUART               
00000a93  UARTEnable                    
00000aa7  strlen                        
00000abb  PWMOutputState                
00000acd  PWMGenPeriodSet               
00000add  __TI_decompress_none          
00000aeb  PWMGenDisable                 
00000af7  PWMGenEnable                  
00000b03  ResetISR                      
00000b0f  UARTCharGet                   
00000b19  UARTCharPut                   
00000b23  SysCtlDelay                   
00000b29  _system_pre_init              
00000b2d  C$$EXIT                       
00000b2d  abort                         
00000b30  menu                          
00000c6c  __TI_Handler_Table_Base       
00000c74  __TI_CINIT_Base               
00000c74  __TI_Handler_Table_Limit      
00000c7c  __TI_CINIT_Limit              
20000000  __stack                       
20000000  __start___llvm_prf_cnts       
20000000  __stop___llvm_prf_cnts        
20000200  __STACK_END                   
20000200  __STACK_TOP                   
20000200  i                             
20000204  s                             
20000205  opc                           
ffffffff  __TI_pprof_out_hndl           
ffffffff  __TI_prof_data_size           
ffffffff  __TI_prof_data_start          
ffffffff  __binit__                     
ffffffff  __c_args__                    
ffffffff  binit                         
UNDEFED   __mpu_init                    
UNDEFED   _system_post_cinit            

[63 symbols]
