******************************************************************************
                  TI ARM Linker PC v20.2.7                     
******************************************************************************
>> Linked Tue Apr 18 23:43:56 2023

OUTPUT FILE NAME:   <17_TivaWare_PWM.out>
ENTRY POINT SYMBOL: "_c_int00_noinit_noargs"  address: 000004ed


MEMORY CONFIGURATION

         name            origin    length      used     unused   attr    fill
----------------------  --------  ---------  --------  --------  ----  --------
  FLASH                 00000000   00040000  00000640  0003f9c0  R  X
  SRAM                  20000000   00008000  00000200  00007e00  RW X


SEGMENT ALLOCATION MAP

run origin  load origin   length   init length attrs members
----------  ----------- ---------- ----------- ----- -------
00000000    00000000    00000640   00000640    r-x
  00000000    00000000    0000026c   0000026c    r-- .intvecs
  0000026c    0000026c    00000344   00000344    r-x .text
  000005b0    000005b0    00000090   00000090    r-- .const
20000000    20000000    00000200   00000000    rw-
  20000000    20000000    00000200   00000000    rw- .stack


SECTION ALLOCATION MAP

 output                                  attributes/
section   page    origin      length       input sections
--------  ----  ----------  ----------   ----------------
.intvecs   0    00000000    0000026c     
                  00000000    0000026c     tm4c123gh6pm_startup_ccs.obj (.intvecs)

.text      0    0000026c    00000344     
                  0000026c    0000016c     driverlib.lib : gpio.obj (.text:GPIOPadConfigSet)
                  000003d8    00000068     main.obj (.text)
                  00000440    0000004c     driverlib.lib : gpio.obj (.text:GPIOPinConfigure)
                  0000048c    00000034                   : sysctl.obj (.text:SysCtlPeripheralEnable)
                  000004c0    0000002c                   : gpio.obj (.text:GPIODirModeSet)
                  000004ec    0000002c     rtsv7M4_T_le_v4SPD16_eabi.lib : boot_cortex_m.c.obj (.text:_c_int00_noinit_noargs:_c_int00_noinit_noargs)
                  00000518    00000022     driverlib.lib : pwm.obj (.text:PWMGenConfigure)
                  0000053a    0000001e                   : pwm.obj (.text:PWMPulseWidthSet)
                  00000558    00000016                   : gpio.obj (.text:GPIOPinTypePWM)
                  0000056e    00000012                   : pwm.obj (.text:PWMOutputState)
                  00000580    00000010                   : pwm.obj (.text:PWMGenPeriodSet)
                  00000590    0000000c                   : pwm.obj (.text:PWMGenEnable)
                  0000059c    0000000c     tm4c123gh6pm_startup_ccs.obj (.text)
                  000005a8    00000004     rtsv7M4_T_le_v4SPD16_eabi.lib : pre_init.c.obj (.text:_system_pre_init)
                  000005ac    00000004                                   : exit.c.obj (.text:abort:abort)

.const     0    000005b0    00000090     
                  000005b0    00000090     driverlib.lib : gpio.obj (.const:g_pui32GPIOBaseAddrs)

.cinit     0    00000000    00000000     UNINITIALIZED

.init_array 
*          0    00000000    00000000     UNINITIALIZED

.stack     0    20000000    00000200     UNINITIALIZED
                  20000000    00000004     rtsv7M4_T_le_v4SPD16_eabi.lib : boot_cortex_m.c.obj (.stack)
                  20000004    000001fc     --HOLE--

__llvm_prf_cnts 
*          0    20000000    00000000     UNINITIALIZED

MODULE SUMMARY

       Module                         code   ro data   rw data
       ------                         ----   -------   -------
    .\
       tm4c123gh6pm_startup_ccs.obj   12     620       0      
       main.obj                       104    0         0      
    +--+------------------------------+------+---------+---------+
       Total:                         116    620       0      
                                                              
    ../driverlib.lib
       gpio.obj                       506    144       0      
       pwm.obj                        110    0         0      
       sysctl.obj                     52     0         0      
    +--+------------------------------+------+---------+---------+
       Total:                         668    144       0      
                                                              
    D:\Programas\TI\CCS1220\ccs\tools\compiler\ti-cgt-arm_20.2.7.LTS\lib\rtsv7M4_T_le_v4SPD16_eabi.lib
       boot_cortex_m.c.obj            44     0         0      
       exit.c.obj                     4      0         0      
       pre_init.c.obj                 4      0         0      
    +--+------------------------------+------+---------+---------+
       Total:                         52     0         0      
                                                              
       Stack:                         0      0         512    
    +--+------------------------------+------+---------+---------+
       Grand Total:                   836    764       512    


GLOBAL SYMBOLS: SORTED ALPHABETICALLY BY Name 

address   name                   
-------   ----                   
000005ad  C$$EXIT                
000004c1  GPIODirModeSet         
0000026d  GPIOPadConfigSet       
00000441  GPIOPinConfigure       
00000559  GPIOPinTypePWM         
00000519  PWMGenConfigure        
00000591  PWMGenEnable           
00000581  PWMGenPeriodSet        
0000056f  PWMOutputState         
0000053b  PWMPulseWidthSet       
0000059d  ResetISR               
0000048d  SysCtlPeripheralEnable 
20000200  __STACK_END            
00000200  __STACK_SIZE           
20000200  __STACK_TOP            
ffffffff  __TI_pprof_out_hndl    
ffffffff  __TI_prof_data_size    
ffffffff  __TI_prof_data_start   
00000000  __TI_static_base__     
ffffffff  __binit__              
ffffffff  __c_args__             
UNDEFED   __mpu_init             
20000000  __stack                
20000000  __start___llvm_prf_cnts
20000000  __stop___llvm_prf_cnts 
000004ed  _c_int00_noinit_noargs 
000005a9  _system_pre_init       
000005ad  abort                  
ffffffff  binit                  
00000000  g_pfnVectors           
000003d9  main                   


GLOBAL SYMBOLS: SORTED BY Symbol Address 

address   name                   
-------   ----                   
00000000  __TI_static_base__     
00000000  g_pfnVectors           
00000200  __STACK_SIZE           
0000026d  GPIOPadConfigSet       
000003d9  main                   
00000441  GPIOPinConfigure       
0000048d  SysCtlPeripheralEnable 
000004c1  GPIODirModeSet         
000004ed  _c_int00_noinit_noargs 
00000519  PWMGenConfigure        
0000053b  PWMPulseWidthSet       
00000559  GPIOPinTypePWM         
0000056f  PWMOutputState         
00000581  PWMGenPeriodSet        
00000591  PWMGenEnable           
0000059d  ResetISR               
000005a9  _system_pre_init       
000005ad  C$$EXIT                
000005ad  abort                  
20000000  __stack                
20000000  __start___llvm_prf_cnts
20000000  __stop___llvm_prf_cnts 
20000200  __STACK_END            
20000200  __STACK_TOP            
ffffffff  __TI_pprof_out_hndl    
ffffffff  __TI_prof_data_size    
ffffffff  __TI_prof_data_start   
ffffffff  __binit__              
ffffffff  __c_args__             
ffffffff  binit                  
UNDEFED   __mpu_init             

[31 symbols]
