******************************************************************************
                  TI ARM Linker PC v20.2.7                     
******************************************************************************
>> Linked Wed Mar 29 09:33:32 2023

OUTPUT FILE NAME:   <13_TivaWare_HolaMundo.out>
ENTRY POINT SYMBOL: "_c_int00_noinit_noargs"  address: 000004a1


MEMORY CONFIGURATION

         name            origin    length      used     unused   attr    fill
----------------------  --------  ---------  --------  --------  ----  --------
  FLASH                 00000000   00040000  00000522  0003fade  R  X
  SRAM                  20000000   00008000  00000200  00007e00  RW X


SEGMENT ALLOCATION MAP

run origin  load origin   length   init length attrs members
----------  ----------- ---------- ----------- ----- -------
00000000    00000000    00000522   00000522    r-x
  00000000    00000000    0000026c   0000026c    r-- .intvecs
  0000026c    0000026c    000002b6   000002b6    r-x .text
20000000    20000000    00000200   00000000    rw-
  20000000    20000000    00000200   00000000    rw- .stack


SECTION ALLOCATION MAP

 output                                  attributes/
section   page    origin      length       input sections
--------  ----  ----------  ----------   ----------------
.intvecs   0    00000000    0000026c     
                  00000000    0000026c     tm4c123gh6pm_startup_ccs.obj (.intvecs)

.text      0    0000026c    000002b6     
                  0000026c    0000016c     driverlib.lib : gpio.obj (.text:GPIOPadConfigSet)
                  000003d8    00000068     main.obj (.text)
                  00000440    00000034     driverlib.lib : sysctl.obj (.text:SysCtlPeripheralEnable)
                  00000474    0000002c                   : gpio.obj (.text:GPIODirModeSet)
                  000004a0    0000002c     rtsv7M4_T_le_v4SPD16_eabi.lib : boot_cortex_m.c.obj (.text:_c_int00_noinit_noargs:_c_int00_noinit_noargs)
                  000004cc    0000001a     driverlib.lib : gpio.obj (.text:GPIOPinTypeGPIOOutput)
                  000004e6    00000016                   : gpio.obj (.text:GPIOPinTypeGPIOInput)
                  000004fc    0000000c     tm4c123gh6pm_startup_ccs.obj (.text)
                  00000508    00000006     driverlib.lib : gpio.obj (.text:GPIOPinRead)
                  0000050e    00000006                   : gpio.obj (.text:GPIOPinWrite)
                  00000514    00000006                   : sysctl.obj (.text:SysCtlDelay)
                  0000051a    00000004     rtsv7M4_T_le_v4SPD16_eabi.lib : pre_init.c.obj (.text:_system_pre_init)
                  0000051e    00000004                                   : exit.c.obj (.text:abort:abort)

.cinit     0    00000000    00000000     UNINITIALIZED

.init_array 
*          0    00000000    00000000     UNINITIALIZED

.stack     0    20000000    00000200     UNINITIALIZED
                  20000000    00000004     rtsv7M4_T_le_v4SPD16_eabi.lib : boot_cortex_m.c.obj (.stack)
                  20000004    000001fc     --HOLE--

__llvm_prf_cnts 
*          0    20000000    00000000     UNINITIALIZED

MODULE SUMMARY

       Module                         code   ro data   rw data
       ------                         ----   -------   -------
    .\
       tm4c123gh6pm_startup_ccs.obj   12     620       0      
       main.obj                       104    0         0      
    +--+------------------------------+------+---------+---------+
       Total:                         116    620       0      
                                                              
    ../driverlib.lib
       gpio.obj                       468    0         0      
       sysctl.obj                     58     0         0      
    +--+------------------------------+------+---------+---------+
       Total:                         526    0         0      
                                                              
    D:\Programas\TI\CCS1220\ccs\tools\compiler\ti-cgt-arm_20.2.7.LTS\lib\rtsv7M4_T_le_v4SPD16_eabi.lib
       boot_cortex_m.c.obj            44     0         0      
       exit.c.obj                     4      0         0      
       pre_init.c.obj                 4      0         0      
    +--+------------------------------+------+---------+---------+
       Total:                         52     0         0      
                                                              
       Stack:                         0      0         512    
    +--+------------------------------+------+---------+---------+
       Grand Total:                   694    620       512    


GLOBAL SYMBOLS: SORTED ALPHABETICALLY BY Name 

address   name                   
-------   ----                   
0000051f  C$$EXIT                
00000475  GPIODirModeSet         
0000026d  GPIOPadConfigSet       
00000509  GPIOPinRead            
000004e7  GPIOPinTypeGPIOInput   
000004cd  GPIOPinTypeGPIOOutput  
0000050f  GPIOPinWrite           
000004fd  ResetISR               
00000515  SysCtlDelay            
00000441  SysCtlPeripheralEnable 
20000200  __STACK_END            
00000200  __STACK_SIZE           
20000200  __STACK_TOP            
ffffffff  __TI_pprof_out_hndl    
ffffffff  __TI_prof_data_size    
ffffffff  __TI_prof_data_start   
00000000  __TI_static_base__     
ffffffff  __binit__              
ffffffff  __c_args__             
UNDEFED   __mpu_init             
20000000  __stack                
20000000  __start___llvm_prf_cnts
20000000  __stop___llvm_prf_cnts 
000004a1  _c_int00_noinit_noargs 
0000051b  _system_pre_init       
0000051f  abort                  
ffffffff  binit                  
00000000  g_pfnVectors           
000003d9  main                   


GLOBAL SYMBOLS: SORTED BY Symbol Address 

address   name                   
-------   ----                   
00000000  __TI_static_base__     
00000000  g_pfnVectors           
00000200  __STACK_SIZE           
0000026d  GPIOPadConfigSet       
000003d9  main                   
00000441  SysCtlPeripheralEnable 
00000475  GPIODirModeSet         
000004a1  _c_int00_noinit_noargs 
000004cd  GPIOPinTypeGPIOOutput  
000004e7  GPIOPinTypeGPIOInput   
000004fd  ResetISR               
00000509  GPIOPinRead            
0000050f  GPIOPinWrite           
00000515  SysCtlDelay            
0000051b  _system_pre_init       
0000051f  C$$EXIT                
0000051f  abort                  
20000000  __stack                
20000000  __start___llvm_prf_cnts
20000000  __stop___llvm_prf_cnts 
20000200  __STACK_END            
20000200  __STACK_TOP            
ffffffff  __TI_pprof_out_hndl    
ffffffff  __TI_prof_data_size    
ffffffff  __TI_prof_data_start   
ffffffff  __binit__              
ffffffff  __c_args__             
ffffffff  binit                  
UNDEFED   __mpu_init             

[29 symbols]
