******************************************************************************
                  TI ARM Linker PC v20.2.7                     
******************************************************************************
>> Linked Thu May 25 12:36:49 2023

OUTPUT FILE NAME:   <Proyecto_final.out>
ENTRY POINT SYMBOL: "_c_int00_noargs"  address: 000014e9


MEMORY CONFIGURATION

         name            origin    length      used     unused   attr    fill
----------------------  --------  ---------  --------  --------  ----  --------
  FLASH                 00000000   00040000  00001a52  0003e5ae  R  X
  SRAM                  20000000   00008000  0000047a  00007b86  RW X


SEGMENT ALLOCATION MAP

run origin  load origin   length   init length attrs members
----------  ----------- ---------- ----------- ----- -------
00000000    00000000    00001a58   00001a58    r-x
  00000000    00000000    0000026c   0000026c    r-- .intvecs
  0000026c    0000026c    0000158e   0000158e    r-x .text
  000017fc    000017fc    00000218   00000218    r-- .const
  00001a18    00001a18    00000040   00000040    r-- .cinit
20000000    20000000    0000047a   00000000    rw-
  20000000    20000000    0000026c   00000000    rw- .vtable
  2000026c    2000026c    00000004   00000000    rw- .bss
  20000270    20000270    00000200   00000000    rw- .stack
  20000470    20000470    0000000a   00000000    rw- .data


SECTION ALLOCATION MAP

 output                                  attributes/
section   page    origin      length       input sections
--------  ----  ----------  ----------   ----------------
.intvecs   0    00000000    0000026c     
                  00000000    0000026c     tm4c123gh6pm_startup_ccs.obj (.intvecs)

.text      0    0000026c    0000158e     
                  0000026c    0000085c     main.obj (.text)
                  00000ac8    000001b6     rtsv7M4_T_le_v4SPD16_eabi.lib : fd_add_t2.asm.obj (.text)
                  00000c7e    00000002     --HOLE-- [fill = 0]
                  00000c80    0000016c     driverlib.lib : gpio.obj (.text:GPIOPadConfigSet)
                  00000dec    00000136     rtsv7M4_T_le_v4SPD16_eabi.lib : fd_div_t2.asm.obj (.text)
                  00000f22    000000fc                                   : fd_mul_t2.asm.obj (.text)
                  0000101e    0000009c                                   : memcpy_t2.asm.obj (.text)
                  000010ba    0000007a     driverlib.lib : adc.obj (.text:ADCSequenceStepConfigure)
                  00001134    0000006e     rtsv7M4_T_le_v4SPD16_eabi.lib : fd_tos_t2.asm.obj (.text)
                  000011a2    00000002     --HOLE-- [fill = 0]
                  000011a4    00000068     driverlib.lib : interrupt.obj (.text:IntEnable)
                  0000120c    00000068     rtsv7M4_T_le_v4SPD16_eabi.lib : copy_decompress_lzss.c.obj (.text:decompress:lzss:__TI_decompress_lzss)
                  00001274    00000060     driverlib.lib : timer.obj (.text:TimerConfigure)
                  000012d4    0000004e                   : adc.obj (.text:ADCSequenceConfigure)
                  00001322    00000002     --HOLE-- [fill = 0]
                  00001324    0000004c                   : gpio.obj (.text:GPIOPinConfigure)
                  00001370    0000004c                   : timer.obj (.text:_TimerIntNumberGet)
                  000013bc    00000046                   : uart.obj (.text:UARTConfigSetExpClk)
                  00001402    00000002     --HOLE-- [fill = 0]
                  00001404    00000044     rtsv7M4_T_le_v4SPD16_eabi.lib : autoinit.c.obj (.text:__TI_auto_init_nobinit_nopinit:__TI_auto_init_nobinit_nopinit)
                  00001448    00000038                                   : fs_tod_t2.asm.obj (.text)
                  00001480    00000034     driverlib.lib : interrupt.obj (.text:IntRegister)
                  000014b4    00000034                   : sysctl.obj (.text:SysCtlPeripheralEnable)
                  000014e8    00000034     rtsv7M4_T_le_v4SPD16_eabi.lib : boot_cortex_m.c.obj (.text:_c_int00_noargs:_c_int00_noargs)
                  0000151c    0000002e     driverlib.lib : adc.obj (.text:ADCIntStatus)
                  0000154a    0000002c                   : gpio.obj (.text:GPIODirModeSet)
                  00001576    00000022                   : pwm.obj (.text:PWMGenConfigure)
                  00001598    00000020                   : uart.obj (.text:UARTDisable)
                  000015b8    00000020     rtsv7M4_T_le_v4SPD16_eabi.lib : u_tofd_t2.asm.obj (.text)
                  000015d8    0000001e     driverlib.lib : adc.obj (.text:ADCSequenceDataGet)
                  000015f6    0000001e                   : pwm.obj (.text:PWMPulseWidthSet)
                  00001614    0000001c     rtsv7M4_T_le_v4SPD16_eabi.lib : copy_zero_init.c.obj (.text:decompress:ZI:__TI_zero_init_nomemset:__TI_zero_init_nomemset)
                  00001630    0000001a     driverlib.lib : gpio.obj (.text:GPIOPinTypeGPIOOutput)
                  0000164a    00000018                   : adc.obj (.text:ADCProcessorTrigger)
                  00001662    00000002     --HOLE-- [fill = 0]
                  00001664    00000018                   : timer.obj (.text:TimerDisable)
                  0000167c    00000018                   : timer.obj (.text:TimerIntRegister)
                  00001694    00000016                   : gpio.obj (.text:GPIOPinTypeADC)
                  000016aa    00000016                   : gpio.obj (.text:GPIOPinTypePWM)
                  000016c0    00000016                   : gpio.obj (.text:GPIOPinTypeUART)
                  000016d6    00000014                   : uart.obj (.text:UARTEnable)
                  000016ea    00000014     rtsv7M4_T_le_v4SPD16_eabi.lib : strlen.c.obj (.text:strlen)
                  000016fe    00000012     driverlib.lib : pwm.obj (.text:PWMOutputState)
                  00001710    00000012                   : timer.obj (.text:TimerLoadSet)
                  00001722    00000010                   : interrupt.obj (.text:IntMasterEnable)
                  00001732    00000010                   : pwm.obj (.text:PWMGenPeriodSet)
                  00001742    0000000e                   : adc.obj (.text:ADCSequenceDisable)
                  00001750    0000000e                   : adc.obj (.text:ADCSequenceEnable)
                  0000175e    0000000e                   : timer.obj (.text:TimerEnable)
                  0000176c    0000000e                   : uart.obj (.text:UARTCharGetNonBlocking)
                  0000177a    0000000e                   : uart.obj (.text:UARTCharsAvail)
                  00001788    0000000e     rtsv7M4_T_le_v4SPD16_eabi.lib : copy_decompress_none.c.obj (.text:decompress:none:__TI_decompress_none)
                  00001796    0000000c     driverlib.lib : cpu.obj (.text:CPUcpsie)
                  000017a2    0000000c                   : pwm.obj (.text:PWMGenDisable)
                  000017ae    0000000c                   : pwm.obj (.text:PWMGenEnable)
                  000017ba    0000000c     tm4c123gh6pm_startup_ccs.obj (.text)
                  000017c6    0000000a     driverlib.lib : uart.obj (.text:UARTCharGet)
                  000017d0    0000000a                   : uart.obj (.text:UARTCharPut)
                  000017da    00000008                   : timer.obj (.text:TimerIntEnable)
                  000017e2    00000006                   : gpio.obj (.text:GPIOPinWrite)
                  000017e8    00000006                   : sysctl.obj (.text:SysCtlDelay)
                  000017ee    00000004                   : timer.obj (.text:TimerIntClear)
                  000017f2    00000004     rtsv7M4_T_le_v4SPD16_eabi.lib : pre_init.c.obj (.text:_system_pre_init)
                  000017f6    00000004                                   : exit.c.obj (.text:abort:abort)

.const     0    000017fc    00000218     
                  000017fc    000000d1     main.obj (.const:.string:menu)
                  000018cd    00000003     --HOLE-- [fill = 0]
                  000018d0    00000090     driverlib.lib : gpio.obj (.const:g_pui32GPIOBaseAddrs)
                  00001960    00000060                   : timer.obj (.const:g_ppui32TimerIntMap)
                  000019c0    00000040                   : timer.obj (.const:g_ppui32TimerIntMapSnowflake)
                  00001a00    00000014                   : interrupt.obj (.const:g_pui32EnRegs)

.cinit     0    00001a18    00000040     
                  00001a18    0000000c     (__TI_handler_table)
                  00001a24    00000009     (.cinit..data.load) [load image, compression = lzss]
                  00001a2d    00000003     --HOLE-- [fill = 0]
                  00001a30    00000008     (.cinit..bss.load) [load image, compression = zero_init]
                  00001a38    00000008     (.cinit..vtable.load) [load image, compression = zero_init]
                  00001a40    00000018     (__TI_cinit_table)

.init_array 
*          0    00000000    00000000     UNINITIALIZED

.vtable    0    20000000    0000026c     UNINITIALIZED
                  20000000    0000026c     driverlib.lib : interrupt.obj (.vtable)

.bss       0    2000026c    00000004     UNINITIALIZED
                  2000026c    00000004     (.common:muestras)

.data      0    20000470    0000000a     UNINITIALIZED
                  20000470    0000000a     main.obj (.data)

.stack     0    20000270    00000200     UNINITIALIZED
                  20000270    00000004     rtsv7M4_T_le_v4SPD16_eabi.lib : boot_cortex_m.c.obj (.stack)
                  20000274    000001fc     --HOLE--

__llvm_prf_cnts 
*          0    20000000    00000000     UNINITIALIZED

MODULE SUMMARY

       Module                         code   ro data   rw data
       ------                         ----   -------   -------
    .\
       main.obj                       2140   209       14     
       tm4c123gh6pm_startup_ccs.obj   12     620       0      
    +--+------------------------------+------+---------+---------+
       Total:                         2152   829       14     
                                                              
    ../driverlib.lib
       interrupt.obj                  172    20        620    
       gpio.obj                       582    144       0      
       timer.obj                      264    160       0      
       adc.obj                        328    0         0      
       uart.obj                       170    0         0      
       pwm.obj                        122    0         0      
       sysctl.obj                     58     0         0      
       cpu.obj                        12     0         0      
    +--+------------------------------+------+---------+---------+
       Total:                         1708   324       620    
                                                              
    D:\Programas\TI\CCS1220\ccs\tools\compiler\ti-cgt-arm_20.2.7.LTS\lib\rtsv7M4_T_le_v4SPD16_eabi.lib
       fd_add_t2.asm.obj              438    0         0      
       fd_div_t2.asm.obj              310    0         0      
       fd_mul_t2.asm.obj              252    0         0      
       memcpy_t2.asm.obj              156    0         0      
       fd_tos_t2.asm.obj              110    0         0      
       copy_decompress_lzss.c.obj     104    0         0      
       autoinit.c.obj                 68     0         0      
       fs_tod_t2.asm.obj              56     0         0      
       boot_cortex_m.c.obj            52     0         0      
       u_tofd_t2.asm.obj              32     0         0      
       copy_zero_init.c.obj           28     0         0      
       strlen.c.obj                   20     0         0      
       copy_decompress_none.c.obj     14     0         0      
       exit.c.obj                     4      0         0      
       pre_init.c.obj                 4      0         0      
    +--+------------------------------+------+---------+---------+
       Total:                         1648   0         0      
                                                              
       Stack:                         0      0         512    
       Linker Generated:              0      61        0      
    +--+------------------------------+------+---------+---------+
       Grand Total:                   5508   1214      1146   


LINKER GENERATED COPY TABLES

__TI_cinit_table @ 00001a40 records: 3, size/record: 8, table size: 24
	.data: load addr=00001a24, load size=00000009 bytes, run addr=20000470, run size=0000000a bytes, compression=lzss
	.bss: load addr=00001a30, load size=00000008 bytes, run addr=2000026c, run size=00000004 bytes, compression=zero_init
	.vtable: load addr=00001a38, load size=00000008 bytes, run addr=20000000, run size=0000026c bytes, compression=zero_init


LINKER GENERATED HANDLER TABLE

__TI_handler_table @ 00001a18 records: 3, size/record: 4, table size: 12
	index: 0, handler: __TI_zero_init
	index: 1, handler: __TI_decompress_lzss
	index: 2, handler: __TI_decompress_none


GLOBAL SYMBOLS: SORTED ALPHABETICALLY BY Name 

address   name                          
-------   ----                          
0000043d  ADC                           
0000151d  ADCIntStatus                  
0000164b  ADCProcessorTrigger           
000012d5  ADCSequenceConfigure          
000015d9  ADCSequenceDataGet            
00001743  ADCSequenceDisable            
00001751  ADCSequenceEnable             
000010bb  ADCSequenceStepConfigure      
00000a55  ADCSetState                   
000017f7  C$$EXIT                       
00001797  CPUcpsie                      
0000154b  GPIODirModeSet                
00000c81  GPIOPadConfigSet              
00001325  GPIOPinConfigure              
00001695  GPIOPinTypeADC                
00001631  GPIOPinTypeGPIOOutput         
000016ab  GPIOPinTypePWM                
000016c1  GPIOPinTypeUART               
000017e3  GPIOPinWrite                  
000011a5  IntEnable                     
00001723  IntMasterEnable               
00001481  IntRegister                   
000002f1  LED                           
00000351  PWM                           
00001577  PWMGenConfigure               
000017a3  PWMGenDisable                 
000017af  PWMGenEnable                  
00001733  PWMGenPeriodSet               
000016ff  PWMOutputState                
000015f7  PWMPulseWidthSet              
000009e1  PWMSetState                   
000017bb  ResetISR                      
00000849  SetPWM                        
00000865  SetTimer                      
000017e9  SysCtlDelay                   
000014b5  SysCtlPeripheralEnable        
000003c5  Timer                         
00001275  TimerConfigure                
00001665  TimerDisable                  
0000175f  TimerEnable                   
000017ef  TimerIntClear                 
000017db  TimerIntEnable                
0000167d  TimerIntRegister              
00001711  TimerLoadSet                  
00000a1d  TimerSetState                 
000017c7  UARTCharGet                   
0000176d  UARTCharGetNonBlocking        
000017d1  UARTCharPut                   
0000177b  UARTCharsAvail                
000013bd  UARTConfigSetExpClk           
00001599  UARTDisable                   
000016d7  UARTEnable                    
20000470  __STACK_END                   
00000200  __STACK_SIZE                  
20000470  __STACK_TOP                   
00001a40  __TI_CINIT_Base               
00001a58  __TI_CINIT_Limit              
00001a18  __TI_Handler_Table_Base       
00001a24  __TI_Handler_Table_Limit      
00001405  __TI_auto_init_nobinit_nopinit
0000120d  __TI_decompress_lzss          
00001789  __TI_decompress_none          
ffffffff  __TI_pprof_out_hndl           
ffffffff  __TI_prof_data_size           
ffffffff  __TI_prof_data_start          
00000000  __TI_static_base__            
00001615  __TI_zero_init_nomemset       
00001135  __aeabi_d2f                   
00000ad3  __aeabi_dadd                  
00000ded  __aeabi_ddiv                  
00000f23  __aeabi_dmul                  
00000ac9  __aeabi_dsub                  
00001449  __aeabi_f2d                   
0000101f  __aeabi_memcpy                
0000101f  __aeabi_memcpy4               
0000101f  __aeabi_memcpy8               
000015b9  __aeabi_ui2d                  
ffffffff  __binit__                     
ffffffff  __c_args__                    
UNDEFED   __mpu_init                    
20000270  __stack                       
20000000  __start___llvm_prf_cnts       
20000000  __stop___llvm_prf_cnts        
000014e9  _c_int00_noargs               
UNDEFED   _system_post_cinit            
000017f3  _system_pre_init              
000017f7  abort                         
ffffffff  binit                         
00000561  enviar                        
00000709  enviarnum                     
20000000  g_pfnRAMVectors               
00000000  g_pfnVectors                  
20000470  i                             
00000993  initADC                       
000009cf  initGPIO                      
0000091d  initPWM                       
0000095b  initTimer                     
000008e7  initUART                      
00000801  limpiar                       
0000026d  main                          
0000101f  memcpy                        
000017fc  menu                          
2000026c  muestras                      
20000479  opc                           
20000478  s                             
000016eb  strlen                        
20000474  tim                           
000008b1  timerOut                      


GLOBAL SYMBOLS: SORTED BY Symbol Address 

address   name                          
-------   ----                          
00000000  __TI_static_base__            
00000000  g_pfnVectors                  
00000200  __STACK_SIZE                  
0000026d  main                          
000002f1  LED                           
00000351  PWM                           
000003c5  Timer                         
0000043d  ADC                           
00000561  enviar                        
00000709  enviarnum                     
00000801  limpiar                       
00000849  SetPWM                        
00000865  SetTimer                      
000008b1  timerOut                      
000008e7  initUART                      
0000091d  initPWM                       
0000095b  initTimer                     
00000993  initADC                       
000009cf  initGPIO                      
000009e1  PWMSetState                   
00000a1d  TimerSetState                 
00000a55  ADCSetState                   
00000ac9  __aeabi_dsub                  
00000ad3  __aeabi_dadd                  
00000c81  GPIOPadConfigSet              
00000ded  __aeabi_ddiv                  
00000f23  __aeabi_dmul                  
0000101f  __aeabi_memcpy                
0000101f  __aeabi_memcpy4               
0000101f  __aeabi_memcpy8               
0000101f  memcpy                        
000010bb  ADCSequenceStepConfigure      
00001135  __aeabi_d2f                   
000011a5  IntEnable                     
0000120d  __TI_decompress_lzss          
00001275  TimerConfigure                
000012d5  ADCSequenceConfigure          
00001325  GPIOPinConfigure              
000013bd  UARTConfigSetExpClk           
00001405  __TI_auto_init_nobinit_nopinit
00001449  __aeabi_f2d                   
00001481  IntRegister                   
000014b5  SysCtlPeripheralEnable        
000014e9  _c_int00_noargs               
0000151d  ADCIntStatus                  
0000154b  GPIODirModeSet                
00001577  PWMGenConfigure               
00001599  UARTDisable                   
000015b9  __aeabi_ui2d                  
000015d9  ADCSequenceDataGet            
000015f7  PWMPulseWidthSet              
00001615  __TI_zero_init_nomemset       
00001631  GPIOPinTypeGPIOOutput         
0000164b  ADCProcessorTrigger           
00001665  TimerDisable                  
0000167d  TimerIntRegister              
00001695  GPIOPinTypeADC                
000016ab  GPIOPinTypePWM                
000016c1  GPIOPinTypeUART               
000016d7  UARTEnable                    
000016eb  strlen                        
000016ff  PWMOutputState                
00001711  TimerLoadSet                  
00001723  IntMasterEnable               
00001733  PWMGenPeriodSet               
00001743  ADCSequenceDisable            
00001751  ADCSequenceEnable             
0000175f  TimerEnable                   
0000176d  UARTCharGetNonBlocking        
0000177b  UARTCharsAvail                
00001789  __TI_decompress_none          
00001797  CPUcpsie                      
000017a3  PWMGenDisable                 
000017af  PWMGenEnable                  
000017bb  ResetISR                      
000017c7  UARTCharGet                   
000017d1  UARTCharPut                   
000017db  TimerIntEnable                
000017e3  GPIOPinWrite                  
000017e9  SysCtlDelay                   
000017ef  TimerIntClear                 
000017f3  _system_pre_init              
000017f7  C$$EXIT                       
000017f7  abort                         
000017fc  menu                          
00001a18  __TI_Handler_Table_Base       
00001a24  __TI_Handler_Table_Limit      
00001a40  __TI_CINIT_Base               
00001a58  __TI_CINIT_Limit              
20000000  __start___llvm_prf_cnts       
20000000  __stop___llvm_prf_cnts        
20000000  g_pfnRAMVectors               
2000026c  muestras                      
20000270  __stack                       
20000470  __STACK_END                   
20000470  __STACK_TOP                   
20000470  i                             
20000474  tim                           
20000478  s                             
20000479  opc                           
ffffffff  __TI_pprof_out_hndl           
ffffffff  __TI_prof_data_size           
ffffffff  __TI_prof_data_start          
ffffffff  __binit__                     
ffffffff  __c_args__                    
ffffffff  binit                         
UNDEFED   __mpu_init                    
UNDEFED   _system_post_cinit            

[108 symbols]
